******************************************************************************
                  TI ARM Linker PC v18.1.1                     
******************************************************************************
>> Linked Mon Apr  2 16:00:18 2018

OUTPUT FILE NAME:   <project450.out>
ENTRY POINT SYMBOL: "_c_int00_noargs"  address: 00000929


MEMORY CONFIGURATION

         name            origin    length      used     unused   attr    fill
----------------------  --------  ---------  --------  --------  ----  --------
  FLASH                 00000000   00040000  00000ca0  0003f360  R  X
  SRAM                  20000000   00008000  00000470  00007b90  RW X


SEGMENT ALLOCATION MAP

run origin  load origin   length   init length attrs members
----------  ----------- ---------- ----------- ----- -------
00000000    00000000    00000ca4   00000ca4    r-x
  00000000    00000000    0000026c   0000026c    r-- .intvecs
  0000026c    0000026c    00000820   00000820    r-x .text
  00000a8c    00000a8c    000001f0   000001f0    r-- .const
  00000c80    00000c80    00000024   00000024    r-- .cinit
20000000    20000000    00000470   00000000    rw-
  20000000    20000000    0000026c   00000000    rw- .vtable
  2000026c    2000026c    00000004   00000000    rw- .bss
  20000270    20000270    00000200   00000000    rw- .stack


SECTION ALLOCATION MAP

 output                                  attributes/
section   page    origin      length       input sections
--------  ----  ----------  ----------   ----------------
.intvecs   0    00000000    0000026c     
                  00000000    0000026c     tm4c123gh6pm_startup_ccs.obj (.intvecs)

.text      0    0000026c    00000820     
                  0000026c    00000350     main.obj (.text)
                  000005bc    00000132     driverlib.lib : gpio.obj (.text:GPIOPadConfigSet)
                  000006ee    00000002     --HOLE-- [fill = 0]
                  000006f0    000000f4                   : sysctl.obj (.text:SysCtlClockSet)
                  000007e4    00000068                   : interrupt.obj (.text:IntEnable)
                  0000084c    00000056                   : gpio.obj (.text:GPIOIntTypeSet)
                  000008a2    00000002     --HOLE-- [fill = 0]
                  000008a4    00000044     rtsv7M4_T_le_v4SPD16_eabi.lib : autoinit.c.obj (.text:__TI_auto_init_nobinit_nopinit:__TI_auto_init_nobinit_nopinit)
                  000008e8    00000040     driverlib.lib : gpio.obj (.text:_GPIOIntNumberGet)
                  00000928    00000038     rtsv7M4_T_le_v4SPD16_eabi.lib : boot_cortex_m.c.obj (.text:_c_int00_noargs:_c_int00_noargs)
                  00000960    00000034     driverlib.lib : interrupt.obj (.text:IntRegister)
                  00000994    00000034                   : sysctl.obj (.text:SysCtlPeripheralEnable)
                  000009c8    0000002a                   : gpio.obj (.text:GPIODirModeSet)
                  000009f2    00000018                   : gpio.obj (.text:GPIOIntRegister)
                  00000a0a    00000018                   : gpio.obj (.text:GPIOPinTypeGPIOOutput)
                  00000a22    00000012                   : gpio.obj (.text:GPIOPinTypeGPIOInput)
                  00000a34    00000012     rtsv7M4_T_le_v4SPD16_eabi.lib : copy_zero_init.c.obj (.text:decompress:ZI:__TI_zero_init_nomemset:__TI_zero_init_nomemset)
                  00000a46    0000000e     driverlib.lib : gpio.obj (.text:GPIOIntStatus)
                  00000a54    0000000c                   : gpio.obj (.text:GPIOIntEnable)
                  00000a60    0000000c     tm4c123gh6pm_startup_ccs.obj (.text)
                  00000a6c    00000006     driverlib.lib : gpio.obj (.text:GPIOIntClear)
                  00000a72    00000006                   : gpio.obj (.text:GPIOPinRead)
                  00000a78    00000006                   : gpio.obj (.text:GPIOPinWrite)
                  00000a7e    00000006                   : sysctl.obj (.text:SysCtlDelay)
                  00000a84    00000004     rtsv7M4_T_le_v4SPD16_eabi.lib : pre_init.c.obj (.text:_system_pre_init)
                  00000a88    00000004                                   : exit.c.obj (.text:abort:abort)

.const     0    00000a8c    000001f0     
                  00000a8c    000000c0     driverlib.lib : gpio.obj (.const:g_ppui32GPIOIntMapBlizzard)
                  00000b4c    000000c0                   : gpio.obj (.const:g_ppui32GPIOIntMapSnowflake)
                  00000c0c    00000070                   : interrupt.obj (.const)

.cinit     0    00000c80    00000024     
                  00000c80    00000008     (.cinit..bss.load) [load image, compression = zero_init]
                  00000c88    00000008     (.cinit..vtable.load) [load image, compression = zero_init]
                  00000c90    00000004     (__TI_handler_table)
                  00000c94    00000010     (__TI_cinit_table)

.init_array 
*          0    00000000    00000000     UNINITIALIZED

.vtable    0    20000000    0000026c     UNINITIALIZED
                  20000000    0000026c     driverlib.lib : interrupt.obj (.vtable)

.bss       0    2000026c    00000004     UNINITIALIZED
                  2000026c    00000004     (.common:i)

.stack     0    20000270    00000200     UNINITIALIZED
                  20000270    00000004     rtsv7M4_T_le_v4SPD16_eabi.lib : boot_cortex_m.c.obj (.stack)
                  20000274    000001fc     --HOLE--

MODULE SUMMARY

       Module                         code   ro data   rw data
       ------                         ----   -------   -------
    .\
       main.obj                       848    0         4      
       tm4c123gh6pm_startup_ccs.obj   12     620       0      
    +--+------------------------------+------+---------+---------+
       Total:                         860    620       4      
                                                              
    C:/ti/TivaWare_C_Series-2.1.3.156/driverlib/ccs/Debug/driverlib.lib
       gpio.obj                       608    384       0      
       interrupt.obj                  156    112       620    
       sysctl.obj                     302    0         0      
    +--+------------------------------+------+---------+---------+
       Total:                         1066   496       620    
                                                              
    C:\ti\ccsv8\tools\compiler\ti-cgt-arm_18.1.1.LTS\lib\rtsv7M4_T_le_v4SPD16_eabi.lib
       autoinit.c.obj                 68     0         0      
       boot_cortex_m.c.obj            56     0         0      
       copy_zero_init.c.obj           18     0         0      
       exit.c.obj                     4      0         0      
       pre_init.c.obj                 4      0         0      
    +--+------------------------------+------+---------+---------+
       Total:                         150    0         0      
                                                              
       Stack:                         0      0         512    
       Linker Generated:              0      36        0      
    +--+------------------------------+------+---------+---------+
       Grand Total:                   2076   1152      1136   


LINKER GENERATED COPY TABLES

__TI_cinit_table @ 00000c94 records: 2, size/record: 8, table size: 16
	.bss: load addr=00000c80, load size=00000008 bytes, run addr=2000026c, run size=00000004 bytes, compression=zero_init
	.vtable: load addr=00000c88, load size=00000008 bytes, run addr=20000000, run size=0000026c bytes, compression=zero_init


LINKER GENERATED HANDLER TABLE

__TI_handler_table @ 00000c90 records: 1, size/record: 4, table size: 4
	index: 0, handler: __TI_zero_init


GLOBAL SYMBOLS: SORTED ALPHABETICALLY BY Name 

address   name                          
-------   ----                          
00000a89  C$$EXIT                       
000009c9  GPIODirModeSet                
00000a6d  GPIOIntClear                  
00000a55  GPIOIntEnable                 
000009f3  GPIOIntRegister               
00000a47  GPIOIntStatus                 
0000084d  GPIOIntTypeSet                
000005bd  GPIOPadConfigSet              
00000a73  GPIOPinRead                   
00000a23  GPIOPinTypeGPIOInput          
00000a0b  GPIOPinTypeGPIOOutput         
00000a79  GPIOPinWrite                  
000007e5  IntEnable                     
00000961  IntRegister                   
0000026d  PortBIntHandler               
00000a61  ResetISR                      
00000347  SwIntHandler                  
000006f1  SysCtlClockSet                
00000a7f  SysCtlDelay                   
00000995  SysCtlPeripheralEnable        
20000470  __STACK_END                   
00000200  __STACK_SIZE                  
20000470  __STACK_TOP                   
00000c94  __TI_CINIT_Base               
00000ca4  __TI_CINIT_Limit              
00000c90  __TI_Handler_Table_Base       
00000c94  __TI_Handler_Table_Limit      
000008a5  __TI_auto_init_nobinit_nopinit
ffffffff  __TI_pprof_out_hndl           
ffffffff  __TI_prof_data_size           
ffffffff  __TI_prof_data_start          
00000000  __TI_static_base__            
00000a35  __TI_zero_init_nomemset       
ffffffff  __binit__                     
ffffffff  __c_args__                    
UNDEFED   __mpu_init                    
20000270  __stack                       
00000929  _c_int00_noargs               
UNDEFED   _system_post_cinit            
00000a85  _system_pre_init              
00000a89  abort                         
ffffffff  binit                         
20000000  g_pfnRAMVectors               
00000000  g_pfnVectors                  
2000026c  i                             
00000445  main                          


GLOBAL SYMBOLS: SORTED BY Symbol Address 

address   name                          
-------   ----                          
00000000  __TI_static_base__            
00000000  g_pfnVectors                  
00000200  __STACK_SIZE                  
0000026d  PortBIntHandler               
00000347  SwIntHandler                  
00000445  main                          
000005bd  GPIOPadConfigSet              
000006f1  SysCtlClockSet                
000007e5  IntEnable                     
0000084d  GPIOIntTypeSet                
000008a5  __TI_auto_init_nobinit_nopinit
00000929  _c_int00_noargs               
00000961  IntRegister                   
00000995  SysCtlPeripheralEnable        
000009c9  GPIODirModeSet                
000009f3  GPIOIntRegister               
00000a0b  GPIOPinTypeGPIOOutput         
00000a23  GPIOPinTypeGPIOInput          
00000a35  __TI_zero_init_nomemset       
00000a47  GPIOIntStatus                 
00000a55  GPIOIntEnable                 
00000a61  ResetISR                      
00000a6d  GPIOIntClear                  
00000a73  GPIOPinRead                   
00000a79  GPIOPinWrite                  
00000a7f  SysCtlDelay                   
00000a85  _system_pre_init              
00000a89  C$$EXIT                       
00000a89  abort                         
00000c90  __TI_Handler_Table_Base       
00000c94  __TI_CINIT_Base               
00000c94  __TI_Handler_Table_Limit      
00000ca4  __TI_CINIT_Limit              
20000000  g_pfnRAMVectors               
2000026c  i                             
20000270  __stack                       
20000470  __STACK_END                   
20000470  __STACK_TOP                   
ffffffff  __TI_pprof_out_hndl           
ffffffff  __TI_prof_data_size           
ffffffff  __TI_prof_data_start          
ffffffff  __binit__                     
ffffffff  __c_args__                    
ffffffff  binit                         
UNDEFED   __mpu_init                    
UNDEFED   _system_post_cinit            

[46 symbols]
